chr	start	end	strand	name	coverage	#A	#T	#G	#C	A->A	A->C	A->G	A->T	C->A	C->C	C->G	C->T	G->A	G->C	G->G	G->T	T->A	T->C	T->G	T->T
17	3500498	3500803	-	AluY	12	48	89	74	94	130	0	0	0	0	296	0	0	2	0	226	4	0	0	4	242
17	46522463	46522742	-	AluYm1	24	50	69	74	86	296	0	16	2	0	586	0	0	4	0	444	0	0	2	0	376
19	21289995	21290289	+	AluSg	20	81	57	89	67	436	0	0	0	0	332	0	4	0	0	394	0	0	30	0	254
