experiment,ROI-file,#unstranded,A->A,T->T,G->G,C->C,A->T,T->A,A->G,T->C,A->C,T->G,G->C,C->G,G->A,C->T,G->T,C->A
Test 1,tests/resources/GRCh38/Alu.bed.gz,930,0.95467263,0.99688125,0.99546164,0.99764246,0.00045126808,0.00043817257,0.042820323,0.002229525,0.0020557768,0.00045105998,0.00063889317,0.00026311912,0.0034368047,0.0013787441,0.00046264677,0.00071568403
.,tests/resources/GRCh38/Alu.bed.gz,930,0.95467263,0.99688125,0.99546164,0.99764246,0.00045126808,0.00043817257,0.042820323,0.002229525,0.0020557768,0.00045105998,0.00063889317,0.00026311912,0.0034368047,0.0013787441,0.00046264677,0.00071568403
