Run name	A->A	T->T	G->G	C->C	A->T	T->A	A->G	T->C	A->C	T->G	G->C	C->G	G->A	C->T	G->T	C->A
Test 1	0.954673	0.996881	0.995462	0.997642	0.000451	0.000438	0.042820	0.002230	0.002056	0.000451	0.000639	0.000263	0.003437	0.001379	0.000463	0.000716
.	0.954673	0.996881	0.995462	0.997642	0.000451	0.000438	0.042820	0.002230	0.002056	0.000451	0.000639	0.000263	0.003437	0.001379	0.000463	0.000716
